Blender 4.5.3 LTS (hash 67807e1800cc built 2025-09-09 01:33:33)
Fra:1 Mem:39.53M (Peak 39.56M) | Time:00:01.21 | Rendering 1 / 64 samples
Fra:1 Mem:39.53M (Peak 39.56M) | Time:00:01.26 | Rendering 25 / 64 samples
Fra:1 Mem:39.53M (Peak 39.56M) | Time:00:01.31 | Rendering 50 / 64 samples
Fra:1 Mem:39.53M (Peak 39.56M) | Time:00:01.34 | Rendering 64 / 64 samples
Saved: 'C:\Users\cwood\Documents\mobile-rpg\art\source\ironspine-bank-v1\candidate-r3\cap-left.png'
Time: 00:01.39 (Saving: 00:00.03)

Fra:1 Mem:39.57M (Peak 39.57M) | Time:00:00.07 | Rendering 1 / 64 samples
Fra:1 Mem:39.57M (Peak 39.57M) | Time:00:00.11 | Rendering 25 / 64 samples
Fra:1 Mem:39.57M (Peak 39.57M) | Time:00:00.15 | Rendering 50 / 64 samples
Fra:1 Mem:39.57M (Peak 39.57M) | Time:00:00.18 | Rendering 64 / 64 samples
Saved: 'C:\Users\cwood\Documents\mobile-rpg\art\source\ironspine-bank-v1\candidate-r3\cap-right.png'
Time: 00:00.20 (Saving: 00:00.00)

Fra:1 Mem:46.74M (Peak 46.77M) | Time:00:00.08 | Rendering 1 / 64 samples
Fra:1 Mem:46.74M (Peak 46.77M) | Time:00:00.14 | Rendering 25 / 64 samples
Fra:1 Mem:46.74M (Peak 46.77M) | Time:00:00.22 | Rendering 50 / 64 samples
Fra:1 Mem:46.74M (Peak 46.77M) | Time:00:00.26 | Rendering 64 / 64 samples
Saved: 'C:\Users\cwood\Documents\mobile-rpg\art\source\ironspine-bank-v1\candidate-r3\source-threequarter.png'
Time: 00:00.35 (Saving: 00:00.05)

Fra:1 Mem:46.78M (Peak 46.78M) | Time:00:00.07 | Rendering 1 / 64 samples
Fra:1 Mem:46.78M (Peak 46.78M) | Time:00:00.12 | Rendering 25 / 64 samples
Fra:1 Mem:46.78M (Peak 46.78M) | Time:00:00.17 | Rendering 50 / 64 samples
Fra:1 Mem:46.78M (Peak 46.78M) | Time:00:00.20 | Rendering 64 / 64 samples
Saved: 'C:\Users\cwood\Documents\mobile-rpg\art\source\ironspine-bank-v1\candidate-r3\side.png'
Time: 00:00.29 (Saving: 00:00.05)

Fra:1 Mem:46.83M (Peak 46.83M) | Time:00:00.07 | Rendering 1 / 64 samples
Fra:1 Mem:46.83M (Peak 46.83M) | Time:00:00.12 | Rendering 25 / 64 samples
Fra:1 Mem:46.83M (Peak 46.83M) | Time:00:00.17 | Rendering 50 / 64 samples
Fra:1 Mem:46.83M (Peak 46.83M) | Time:00:00.19 | Rendering 64 / 64 samples
Saved: 'C:\Users\cwood\Documents\mobile-rpg\art\source\ironspine-bank-v1\candidate-r3\end.png'
Time: 00:00.27 (Saving: 00:00.05)

Fra:1 Mem:46.86M (Peak 46.86M) | Time:00:00.07 | Rendering 1 / 64 samples
Fra:1 Mem:46.86M (Peak 46.86M) | Time:00:00.14 | Rendering 25 / 64 samples
Fra:1 Mem:46.86M (Peak 46.86M) | Time:00:00.21 | Rendering 50 / 64 samples
Fra:1 Mem:46.86M (Peak 46.86M) | Time:00:00.25 | Rendering 64 / 64 samples
Saved: 'C:\Users\cwood\Documents\mobile-rpg\art\source\ironspine-bank-v1\candidate-r3\rear-threequarter.png'
Time: 00:00.35 (Saving: 00:00.06)

Info: Saved as "ironspine-bank-r3.blend"
{"status": "MASSING_READY_FOR_INDEPENDENT_REVIEW", "inputSha256": "9763c30394abe66761d05749bd97d18e8eade5005176dea61f1efd991540d6b2", "blenderVersion": "4.5.3 LTS", "meshValidateChanged": false, "vertices": 130, "triangles": 256, "edgeUseHistogram": {"2": 384}, "components": 1, "signedVolume": 2.7661633549547933, "zeroAreaTriangles": 0, "gameAxisRoundtripMaxError": 5.245208734017126e-08, "boundsGame": {"min": [-1.7999999523162842, -0.3799999952316284, -0.5], "max": [1.7999999523162842, 1.0499999523162842, 0.5]}, "capSourceFaces": {"leftCap": [240, 241, 242, 243, 244, 245, 246, 247], "rightCap": [248, 249, 250, 251, 252, 253, 254, 255]}, "normalRepair": {"method": "none; unmodified literal face winding is audited before rendering", "changedFaces": []}, "directedEdgeConsistent": true, "capOutward": true, "capOpaqueCoverage": [{"file": "cap-left.png", "isolatedCapFaces": [240, 241, 242, 243, 244, 245, 246, 247], "opaquePixels": 4400, "fraction": 0.2685546875, "projectedPolygonFraction": 0.26878279415394346, "minimumRelativeCoverage": 0.9}, {"file": "cap-right.png", "isolatedCapFaces": [248, 249, 250, 251, 252, 253, 254, 255], "opaquePixels": 6708, "fraction": 0.409423828125, "projectedPolygonFraction": 0.40930543722343016, "minimumRelativeCoverage": 0.9}], "renders": ["cap-left.png", "cap-right.png", "end.png", "rear-threequarter.png", "side.png", "source-threequarter.png"]}

Blender quit
