Blender 4.5.3 LTS (hash 67807e1800cc built 2025-09-09 01:33:33)
Fra:1 Mem:39.49M (Peak 39.52M) | Time:00:01.16 | Rendering 1 / 64 samples
Fra:1 Mem:39.49M (Peak 39.52M) | Time:00:01.21 | Rendering 25 / 64 samples
Fra:1 Mem:39.49M (Peak 39.52M) | Time:00:01.26 | Rendering 50 / 64 samples
Fra:1 Mem:39.49M (Peak 39.52M) | Time:00:01.29 | Rendering 64 / 64 samples
Saved: 'C:\Users\cwood\Documents\mobile-rpg\art\source\ironspine-bank-v1\candidate-r1\cap-left.png'
Time: 00:01.34 (Saving: 00:00.02)

Fra:1 Mem:39.52M (Peak 39.52M) | Time:00:00.06 | Rendering 1 / 64 samples
Fra:1 Mem:39.52M (Peak 39.52M) | Time:00:00.10 | Rendering 25 / 64 samples
Fra:1 Mem:39.52M (Peak 39.52M) | Time:00:00.15 | Rendering 50 / 64 samples
Fra:1 Mem:39.52M (Peak 39.52M) | Time:00:00.17 | Rendering 64 / 64 samples
Saved: 'C:\Users\cwood\Documents\mobile-rpg\art\source\ironspine-bank-v1\candidate-r1\cap-right.png'
Time: 00:00.20 (Saving: 00:00.00)

Fra:1 Mem:46.73M (Peak 46.77M) | Time:00:00.07 | Rendering 1 / 64 samples
Fra:1 Mem:46.73M (Peak 46.77M) | Time:00:00.14 | Rendering 25 / 64 samples
Fra:1 Mem:46.73M (Peak 46.77M) | Time:00:00.21 | Rendering 50 / 64 samples
Fra:1 Mem:46.73M (Peak 46.77M) | Time:00:00.25 | Rendering 64 / 64 samples
Saved: 'C:\Users\cwood\Documents\mobile-rpg\art\source\ironspine-bank-v1\candidate-r1\source-threequarter.png'
Time: 00:00.35 (Saving: 00:00.06)

Fra:1 Mem:46.77M (Peak 46.77M) | Time:00:00.07 | Rendering 1 / 64 samples
Fra:1 Mem:46.77M (Peak 46.77M) | Time:00:00.12 | Rendering 25 / 64 samples
Fra:1 Mem:46.77M (Peak 46.77M) | Time:00:00.17 | Rendering 50 / 64 samples
Fra:1 Mem:46.77M (Peak 46.77M) | Time:00:00.20 | Rendering 64 / 64 samples
Saved: 'C:\Users\cwood\Documents\mobile-rpg\art\source\ironspine-bank-v1\candidate-r1\side.png'
Time: 00:00.29 (Saving: 00:00.05)

Fra:1 Mem:46.81M (Peak 46.81M) | Time:00:00.07 | Rendering 1 / 64 samples
Fra:1 Mem:46.81M (Peak 46.81M) | Time:00:00.12 | Rendering 25 / 64 samples
Fra:1 Mem:46.81M (Peak 46.81M) | Time:00:00.17 | Rendering 50 / 64 samples
Fra:1 Mem:46.81M (Peak 46.81M) | Time:00:00.19 | Rendering 64 / 64 samples
Saved: 'C:\Users\cwood\Documents\mobile-rpg\art\source\ironspine-bank-v1\candidate-r1\end.png'
Time: 00:00.27 (Saving: 00:00.04)

Fra:1 Mem:46.85M (Peak 46.85M) | Time:00:00.07 | Rendering 1 / 64 samples
Fra:1 Mem:46.85M (Peak 46.85M) | Time:00:00.14 | Rendering 25 / 64 samples
Fra:1 Mem:46.85M (Peak 46.85M) | Time:00:00.22 | Rendering 50 / 64 samples
Fra:1 Mem:46.85M (Peak 46.85M) | Time:00:00.26 | Rendering 64 / 64 samples
Saved: 'C:\Users\cwood\Documents\mobile-rpg\art\source\ironspine-bank-v1\candidate-r1\rear-threequarter.png'
Time: 00:00.36 (Saving: 00:00.07)

Info: Saved as "ironspine-bank-r1.blend"
{"status": "MASSING_READY_FOR_INDEPENDENT_REVIEW", "inputSha256": "0c403c94dc9afad763f0761bb95d1744db8072e15f6c9c4d9c2bea5e55c94252", "blenderVersion": "4.5.3 LTS", "meshValidateChanged": false, "vertices": 63, "triangles": 122, "edgeUseHistogram": {"2": 183}, "components": 1, "signedVolume": 3.7150918770494172, "zeroAreaTriangles": 0, "gameAxisRoundtripMaxError": 5.7220459037665705e-08, "boundsGame": {"min": [-1.7999999523162842, -0.3799999952316284, -0.5], "max": [1.7999999523162842, 1.6200000047683716, 0.5]}, "capSourceFaces": {"leftCap": [108, 109, 110, 111, 112, 113, 114], "rightCap": [115, 116, 117, 118, 119, 120, 121]}, "normalRepair": {"method": "approved bmesh.recalc_face_normals, no vertex/connectivity changes", "changedFaces": [108, 109, 110, 111, 112, 113, 114, 115, 116, 117, 118, 119, 120, 121]}, "directedEdgeConsistent": true, "capOutward": true, "capOpaqueCoverage": [{"file": "cap-left.png", "opaquePixels": 3363, "fraction": 0.20526123046875, "minimumFraction": 0.12}, {"file": "cap-right.png", "opaquePixels": 3364, "fraction": 0.205322265625, "minimumFraction": 0.12}], "renders": ["cap-left.png", "cap-right.png", "end.png", "rear-threequarter.png", "side.png", "source-threequarter.png"]}

Blender quit
