TAP version 13
# Subtest: Rootbound circuit has finite room grammar and neutral exterior
ok 1 - Rootbound circuit has finite room grammar and neutral exterior
  ---
  duration_ms: 9.8183
  type: 'test'
  ...
# Subtest: Rootbound terrain keeps supported source identities and grounds every admitted resource and home
ok 2 - Rootbound terrain keeps supported source identities and grounds every admitted resource and home
  ---
  duration_ms: 1221.3622
  type: 'test'
  ...
# Subtest: Rootbound profile colors apply only to the protected default world
ok 3 - Rootbound profile colors apply only to the protected default world
  ---
  duration_ms: 1936.9524
  type: 'test'
  ...
# Subtest: resident protection plates fade without a terrain step at their boundaries
ok 4 - resident protection plates fade without a terrain step at their boundaries
  ---
  duration_ms: 0.9405
  type: 'test'
  ...
# Subtest: curated Rootbound props use existing admission and remain localized
ok 5 - curated Rootbound props use existing admission and remain localized
  ---
  duration_ms: 1021.5107
  type: 'test'
  ...
# Subtest: Rootbound facet field is a shared default-world height surface with exact chunk seams
ok 6 - Rootbound facet field is a shared default-world height surface with exact chunk seams
  ---
  duration_ms: 723.1937
  type: 'test'
  ...
# Subtest: Rootbound facet chunks use a render-only per-face material while physics keeps the shared chunk
ok 7 - Rootbound facet chunks use a render-only per-face material while physics keeps the shared chunk
  ---
  duration_ms: 3192.3605
  type: 'test'
  ...
# Subtest: Rootbound shoulders change real terrain while full and height-only samplers agree with mesh vertices
ok 8 - Rootbound shoulders change real terrain while full and height-only samplers agree with mesh vertices
  ---
  duration_ms: 215.8358
  type: 'test'
  ...
# Subtest: Rootbound landforms build a substantial five-room vertical composition
ok 9 - Rootbound landforms build a substantial five-room vertical composition
  ---
  duration_ms: 2.5795
  type: 'test'
  ...
# Subtest: Rootbound routes actually climb and all height queries match terrain mesh seams
ok 10 - Rootbound routes actually climb and all height queries match terrain mesh seams
  ---
  duration_ms: 759.1478
  type: 'test'
  ...
# Subtest: Rootbound route grades remain continuous and walkable across their full widths
ok 11 - Rootbound route grades remain continuous and walkable across their full widths
  ---
  duration_ms: 82.9968
  type: 'test'
  ...
# Subtest: Rootbound arbitrary route samples remain on the streamed terrain surface
ok 12 - Rootbound arbitrary route samples remain on the streamed terrain surface
  ---
  duration_ms: 524.7942
  type: 'test'
  ...
# Subtest: the actual world-data eastern resident keeps its full movement disk on the Verge skirt
ok 13 - the actual world-data eastern resident keeps its full movement disk on the Verge skirt
  ---
  duration_ms: 7.4644
  type: 'test'
  ...
# Subtest: Rootbound pockets publish seven fixed, grounded resource identities before ordinary forage
ok 14 - Rootbound pockets publish seven fixed, grounded resource identities before ordinary forage
  ---
  duration_ms: 124.4649
  type: 'test'
  ...
# Subtest: Rootbound chests enumerate into the default-world registry and stay grounded
ok 15 - Rootbound chests enumerate into the default-world registry and stay grounded
  ---
  duration_ms: 653.3576
  type: 'test'
  ...
# Subtest: Rootbound rewards preserve existing finite-save linkage and reject alternate worlds
ok 16 - Rootbound rewards preserve existing finite-save linkage and reject alternate worlds
  ---
  duration_ms: 7.921
  type: 'test'
  ...
1..16
# tests 16
# suites 0
# pass 16
# fail 0
# cancelled 0
# skipped 0
# todo 0
# duration_ms 9009.7565
