Mono path[0] = 'C:/Users/cwood/Documents/mobile-rpg/native/unity/WildkinUnity/Builds/U4C2/Wildkin-U4C2_Data/Managed'
Mono config path = 'C:/Users/cwood/Documents/mobile-rpg/native/unity/WildkinUnity/Builds/U4C2/MonoBleedingEdge/etc'
Starting managed debugger on port 56201
Using monoOptions --debugger-agent=transport=dt_socket,embedding=1,server=y,suspend=n,address=0.0.0.0:56201
Found 2 interfaces on host : 0) 172.25.48.1 1) 192.168.12.102
Player connection [22524]  Target information:

Player connection [22524]  * "[IP] 172.25.48.1 [Port] 55000 [Flags] 2 [Guid] 1406203201 [EditorId] 1267360783 [Version] 1048832 [Id] WindowsPlayer(2,MSI) [Debug] 1 [PackageName] WindowsPlayer [ProjectName] Wildkin Frontier Native Lab" 

Player connection [22524]  * "[IP] 192.168.12.102 [Port] 55000 [Flags] 2 [Guid] 1406203201 [EditorId] 1267360783 [Version] 1048832 [Id] WindowsPlayer(2,MSI) [Debug] 1 [PackageName] WindowsPlayer [ProjectName] Wildkin Frontier Native Lab" 

Player connection [22524] Started UDP target info broadcast (1) on [225.0.0.222:54997].

Input System module state changed to: Initialized.
[Physics::Module] Initialized fallback backend.
[Physics::Module] Id: 0xdecafbad
Initialize engine version: 6000.3.25f1 (e1dba0a9aba4)
[Subsystems] Discovering subsystems at path C:/Users/cwood/Documents/mobile-rpg/native/unity/WildkinUnity/Builds/U4C2/Wildkin-U4C2_Data/UnitySubsystems
[D3D12 Device Filter] Vendor Name: NVIDIA
[D3D12 Device Filter] Device Name: NVIDIA GeForce RTX 3070 Laptop GPU
[D3D12 Device Filter] Driver Version: 32.0.16.1088
[D3D12 Device Filter] Feature Level: 12.2
[D3D12 Device Filter] Graphics Memory: 8018 MB
[D3D12 Device Filter] Processor Count: 16
[D3D12 Device Filter] Device Type: Discrete
GfxDevice: creating device client; kGfxThreadingModeSplitJobs
d3d12: failed to query info queue interface (0x80004002).
Direct3D:
    Version:         Direct3D 12 [level 12.2]
    Renderer:        NVIDIA GeForce RTX 3070 Laptop GPU (ID=0x249d)
    Vendor:          NVIDIA
    VRAM:            8018 MB
    App VRAM Budget: 7250 MB
    Driver:          32.0.16.1088
Begin MonoManager ReloadAssembly
- Loaded All Assemblies, in  0.661 seconds
- Finished resetting the current domain, in  0.005 seconds
[Physics::Module] Selected backend.
[Physics::Module] Name: PhysX
[Physics::Module] Id: 0xf2b8ea05
[Physics::Module] SDK Version: 4.1.2
[Physics::Module] Integration Version: 1.0.0
[Physics::Module] Threading Mode: Multi-Threaded
<RI> Initializing input.
Using Windows.Gaming.Input
UnloadTime: 1.184600 ms
U4C2 player capture complete.
UnityEngine.Debug:ExtractStackTraceNoAlloc (byte*,int,string)
UnityEngine.StackTraceUtility:ExtractStackTrace () (at C:/build/output/unity/unity/Runtime/Export/Scripting/StackTrace.cs:35)
UnityEngine.DebugLogHandler:Internal_Log (UnityEngine.LogType,UnityEngine.LogOption,string,UnityEngine.Object)
UnityEngine.DebugLogHandler:LogFormat (UnityEngine.LogType,UnityEngine.Object,string,object[]) (at C:/build/output/unity/unity/Runtime/Export/Logging/DebugLogHandler.cs:9)
UnityEngine.Logger:Log (UnityEngine.LogType,object) (at C:/build/output/unity/unity/Runtime/Export/Logging/Logger.cs:60)
UnityEngine.Debug:Log (object) (at C:/build/output/unity/unity/Runtime/Export/Debug/Debug.bindings.cs:123)
Wildkin.Matter.Unity.SculptedStoneGalleryView/<Start>d__27:MoveNext () (at C:/Users/cwood/Documents/mobile-rpg/native/unity/WildkinUnity/Assets/Wildkin/Matter/Unity/SculptedStoneGalleryView.cs:153)
UnityEngine.SetupCoroutine:InvokeMoveNext (System.Collections.IEnumerator,intptr) (at C:/build/output/unity/unity/Runtime/Export/Scripting/Coroutines.cs:17)

(Filename: C:/build/output/unity/unity/Runtime/Export/Debug/Debug.bindings.cs Line: 123)

[Physics::Module] Cleanup current backend.
[Physics::Module] Id: 0xf2b8ea05
Input System module state changed to: ShutdownInProgress.
Input System polling thread exited.
Input System module state changed to: Shutdown.
Leak Detected : Persistent allocates 8 individual allocations. To find out more, run with the command line argument '-native-leak-detection EnabledWithStackTrace' and reproduce the leak again.
PlayerConnection::Cleanup##utp:{"type":"MemoryLeaks","version":2,"phase":"Immediate","time":1790576771853,"processId":33976,"allocatedMemory":596308,"memoryLabels":[{"Default":136},{"NewDelete":776},{"Thread":7872},{"Manager":539318},{"GfxDevice":2128},{"GfxThread":768},{"Audio":752},{"Serialization":520},{"JobScheduler":32768},{"String":490},{"HashMap":6656},{"PoolAlloc":240},{"CloudService":144},{"VR":1872},{"Video":144},{"NativeArray":1508},{"Subsystems":96},{"CoreBusinessMetrics":120}]}
