Mono path[0] = 'C:/Users/cwood/Documents/mobile-rpg/native/unity/WildkinUnity/Builds/U4C2/Wildkin-U4C2_Data/Managed'
Mono config path = 'C:/Users/cwood/Documents/mobile-rpg/native/unity/WildkinUnity/Builds/U4C2/MonoBleedingEdge/etc'
Starting managed debugger on port 56355
Using monoOptions --debugger-agent=transport=dt_socket,embedding=1,server=y,suspend=n,address=0.0.0.0:56355
Found 2 interfaces on host : 0) 172.25.48.1 1) 192.168.12.102
Player connection [50296]  Target information:

Player connection [50296]  * "[IP] 172.25.48.1 [Port] 55000 [Flags] 2 [Guid] 775943355 [EditorId] 1267360783 [Version] 1048832 [Id] WindowsPlayer(2,MSI) [Debug] 1 [PackageName] WindowsPlayer [ProjectName] Wildkin Frontier Native Lab" 

Player connection [50296]  * "[IP] 192.168.12.102 [Port] 55000 [Flags] 2 [Guid] 775943355 [EditorId] 1267360783 [Version] 1048832 [Id] WindowsPlayer(2,MSI) [Debug] 1 [PackageName] WindowsPlayer [ProjectName] Wildkin Frontier Native Lab" 

Player connection [50296] Started UDP target info broadcast (1) on [225.0.0.222:54997].

Input System module state changed to: Initialized.
[Physics::Module] Initialized fallback backend.
[Physics::Module] Id: 0xdecafbad
Initialize engine version: 6000.3.25f1 (e1dba0a9aba4)
[Subsystems] Discovering subsystems at path C:/Users/cwood/Documents/mobile-rpg/native/unity/WildkinUnity/Builds/U4C2/Wildkin-U4C2_Data/UnitySubsystems
[D3D12 Device Filter] Vendor Name: NVIDIA
[D3D12 Device Filter] Device Name: NVIDIA GeForce RTX 3070 Laptop GPU
[D3D12 Device Filter] Driver Version: 32.0.16.1088
[D3D12 Device Filter] Feature Level: 12.2
[D3D12 Device Filter] Graphics Memory: 8018 MB
[D3D12 Device Filter] Processor Count: 16
[D3D12 Device Filter] Device Type: Discrete
GfxDevice: creating device client; kGfxThreadingModeSplitJobs
d3d12: failed to query info queue interface (0x80004002).
Direct3D:
    Version:         Direct3D 12 [level 12.2]
    Renderer:        NVIDIA GeForce RTX 3070 Laptop GPU (ID=0x249d)
    Vendor:          NVIDIA
    VRAM:            8018 MB
    App VRAM Budget: 7250 MB
    Driver:          32.0.16.1088
Begin MonoManager ReloadAssembly
- Loaded All Assemblies, in 12.908 seconds
- Finished resetting the current domain, in  0.010 seconds
[Physics::Module] Selected backend.
[Physics::Module] Name: PhysX
[Physics::Module] Id: 0xf2b8ea05
[Physics::Module] SDK Version: 4.1.2
[Physics::Module] Integration Version: 1.0.0
[Physics::Module] Threading Mode: Multi-Threaded
<RI> Initializing input.
Using Windows.Gaming.Input
UnloadTime: 5.571000 ms
ArgumentNullException: Value cannot be null.
Parameter name: shader
  at UnityEngine.Bindings.ThrowHelper.ThrowArgumentNullException (System.Object obj, System.String parameterName) [0x00018] in C:\build\output\unity\unity\Runtime\Export\Scripting\BindingsHelpers.cs:54 
  at UnityEngine.Material.CreateWithShader (UnityEngine.Material self, UnityEngine.Shader shader) <0x1fe2d221b40 + 0x0007a> in <9eb5f512edf84b29b73cbc699a604447>:0 
  at UnityEngine.Material..ctor (UnityEngine.Shader shader) [0x00008] in C:\build\output\unity\unity\Runtime\Export\Shaders\Material.bindings.cs:17 
  at Wildkin.Matter.Unity.SculptedStoneGalleryView.NeutralMaterial () [0x00001] in C:\Users\cwood\Documents\mobile-rpg\native\unity\WildkinUnity\Assets\Wildkin\Matter\Unity\SculptedStoneGalleryView.cs:106 
  at Wildkin.Matter.Unity.SculptedStoneGalleryView.Show (Wildkin.Matter.SculptedStoneMesh mesh, System.Boolean wireframe) [0x0014d] in C:\Users\cwood\Documents\mobile-rpg\native\unity\WildkinUnity\Assets\Wildkin\Matter\Unity\SculptedStoneGalleryView.cs:76 
  at Wildkin.Matter.Unity.SculptedStoneGalleryView.ConfigureMatter (Wildkin.Matter.SourceRockArchetype archetype, System.Int32 seed, System.Single spacing) [0x0003d] in C:\Users\cwood\Documents\mobile-rpg\native\unity\WildkinUnity\Assets\Wildkin\Matter\Unity\SculptedStoneGalleryView.cs:34 
  at Wildkin.Matter.Unity.SculptedStoneGalleryView+<Start>d__24.MoveNext () [0x00047] in C:\Users\cwood\Documents\mobile-rpg\native\unity\WildkinUnity\Assets\Wildkin\Matter\Unity\SculptedStoneGalleryView.cs:136 
  at UnityEngine.SetupCoroutine.InvokeMoveNext (System.Collections.IEnumerator enumerator, System.IntPtr returnValueAddress) [0x00020] in C:\build\output\unity\unity\Runtime\Export\Scripting\Coroutines.cs:17 

(Filename: C:/build/output/unity/unity/Runtime/Export/Scripting/BindingsHelpers.cs Line: 54)

