initial-detached four-sector: gate=true legacy=0.052 dense=1.094 false=8 missing=6 capsule=0.051 hulls=4
initial-detached eight-sector-tight: gate=false legacy=Infinity dense=2.925 false=2 missing=96 capsule=0.145 hulls=8
initial-detached eight-sector: gate=true legacy=0.047 dense=1.272 false=8 missing=0 capsule=0.019 hulls=8
initial-detached occupancy-median: gate=true legacy=0.047 dense=3.946 false=2 missing=0 capsule=0.018 hulls=8
initial-detached occupancy-gap: gate=true legacy=0.047 dense=3.946 false=2 missing=0 capsule=0.018 hulls=8
initial-detached occupancy-voronoi: gate=true legacy=0.047 dense=1.272 false=2 missing=0 capsule=0.018 hulls=8
bitten-detached four-sector: gate=true legacy=0.404 dense=1.092 false=8 missing=10 capsule=0.153 hulls=4
bitten-detached eight-sector-tight: gate=false legacy=Infinity dense=3.166 false=4 missing=82 capsule=0.217 hulls=8
bitten-detached eight-sector: gate=true legacy=0.459 dense=1.272 false=10 missing=0 capsule=0.217 hulls=8
bitten-detached occupancy-median: gate=true legacy=0.451 dense=1.121 false=2 missing=2 capsule=0.209 hulls=8
bitten-detached occupancy-gap: gate=true legacy=0.451 dense=1.121 false=2 missing=2 capsule=0.209 hulls=8
bitten-detached occupancy-voronoi: gate=true legacy=0.329 dense=1.272 false=8 missing=0 capsule=0.192 hulls=8
secondary-notch four-sector: gate=true legacy=0.391 dense=1.095 false=6 missing=10 capsule=0.155 hulls=4
secondary-notch eight-sector-tight: gate=false legacy=Infinity dense=1.736 false=4 missing=76 capsule=0.185 hulls=8
secondary-notch eight-sector: gate=true legacy=0.434 dense=1.341 false=10 missing=0 capsule=0.185 hulls=8
secondary-notch occupancy-median: gate=true legacy=0.414 dense=1.341 false=4 missing=2 capsule=0.179 hulls=8
secondary-notch occupancy-gap: gate=true legacy=0.414 dense=1.341 false=4 missing=2 capsule=0.179 hulls=8
secondary-notch occupancy-voronoi: gate=true legacy=0.313 dense=1.340 false=8 missing=4 capsule=0.130 hulls=8
central-cut-1 four-sector: gate=true legacy=0.391 dense=1.174 false=8 missing=14 capsule=0.173 hulls=4
central-cut-1 eight-sector-tight: gate=false legacy=Infinity dense=2.090 false=4 missing=44 capsule=0.185 hulls=8
central-cut-1 eight-sector: gate=true legacy=0.384 dense=1.341 false=10 missing=6 capsule=0.125 hulls=8
central-cut-1 occupancy-median: gate=true legacy=0.419 dense=1.257 false=4 missing=6 capsule=0.179 hulls=8
central-cut-1 occupancy-gap: gate=true legacy=0.419 dense=1.257 false=4 missing=6 capsule=0.179 hulls=8
central-cut-1 occupancy-voronoi: gate=true legacy=0.181 dense=1.272 false=10 missing=0 capsule=0.167 hulls=8
central-cut-2 four-sector: gate=false legacy=2.856 dense=2.856 false=14 missing=12 capsule=1.469 hulls=4
central-cut-2 eight-sector-tight: gate=false legacy=Infinity dense=2.902 false=14 missing=28 capsule=1.445 hulls=8
central-cut-2 eight-sector: gate=false legacy=2.895 dense=2.895 false=14 missing=6 capsule=1.441 hulls=8
central-cut-2 occupancy-median: gate=false legacy=2.854 dense=2.854 false=8 missing=6 capsule=1.379 hulls=8
central-cut-2 occupancy-gap: gate=false legacy=2.894 dense=2.894 false=16 missing=8 capsule=1.336 hulls=8
central-cut-2 occupancy-voronoi: gate=false legacy=2.897 dense=2.897 false=8 missing=2 capsule=1.379 hulls=8
central-cut-3 four-sector: gate=false legacy=2.607 dense=2.753 false=34 missing=8 capsule=2.243 hulls=4
central-cut-3 eight-sector-tight: gate=false legacy=Infinity dense=2.706 false=34 missing=18 capsule=2.250 hulls=8
central-cut-3 eight-sector: gate=false legacy=2.552 dense=2.735 false=34 missing=0 capsule=2.248 hulls=8
central-cut-3 occupancy-median: gate=false legacy=2.617 dense=2.732 false=32 missing=2 capsule=2.232 hulls=8
central-cut-3 occupancy-gap: gate=false legacy=2.214 dense=2.214 false=18 missing=4 capsule=2.164 hulls=8
central-cut-3 occupancy-voronoi: gate=false legacy=2.186 dense=2.515 false=22 missing=6 capsule=2.197 hulls=8
central-cut-4 four-sector: gate=false legacy=2.702 dense=3.619 false=78 missing=8 capsule=2.356 hulls=4
central-cut-4 eight-sector-tight: gate=false legacy=2.524 dense=3.014 false=72 missing=20 capsule=2.370 hulls=8
central-cut-4 eight-sector: gate=false legacy=2.696 dense=3.619 false=80 missing=0 capsule=2.370 hulls=8
central-cut-4 occupancy-median: gate=false legacy=2.705 dense=3.647 false=70 missing=2 capsule=2.371 hulls=8
central-cut-4 occupancy-gap: gate=false legacy=2.722 dense=3.066 false=60 missing=2 capsule=2.370 hulls=8
central-cut-4 occupancy-voronoi: gate=false legacy=2.318 dense=2.653 false=44 missing=4 capsule=2.370 hulls=8
central-cut-5 four-sector: gate=false legacy=2.595 dense=2.993 false=132 missing=10 capsule=2.368 hulls=4
central-cut-5 eight-sector-tight: gate=false legacy=2.458 dense=2.742 false=124 missing=12 capsule=2.370 hulls=8
central-cut-5 eight-sector: gate=false legacy=2.513 dense=2.993 false=138 missing=0 capsule=2.370 hulls=8
central-cut-5 occupancy-median: gate=false legacy=2.529 dense=3.002 false=130 missing=2 capsule=2.370 hulls=8
central-cut-5 occupancy-gap: gate=false legacy=2.480 dense=2.940 false=124 missing=0 capsule=2.370 hulls=8
central-cut-5 occupancy-voronoi: gate=false legacy=2.455 dense=2.927 false=68 missing=0 capsule=2.370 hulls=8
central-cut-6 four-sector: gate=false legacy=2.595 dense=2.993 false=150 missing=8 capsule=2.368 hulls=4
central-cut-6 eight-sector-tight: gate=false legacy=2.458 dense=2.838 false=140 missing=18 capsule=2.370 hulls=8
central-cut-6 eight-sector: gate=false legacy=2.513 dense=2.993 false=154 missing=0 capsule=2.370 hulls=8
central-cut-6 occupancy-median: gate=false legacy=2.529 dense=3.002 false=144 missing=2 capsule=2.370 hulls=8
central-cut-6 occupancy-gap: gate=false legacy=2.480 dense=2.940 false=100 missing=0 capsule=2.370 hulls=8
central-cut-6 occupancy-voronoi: gate=false legacy=2.456 dense=2.624 false=52 missing=0 capsule=2.370 hulls=8
central-cut-7 four-sector: gate=false legacy=2.595 dense=2.993 false=150 missing=8 capsule=2.368 hulls=4
central-cut-7 eight-sector-tight: gate=false legacy=2.458 dense=2.838 false=140 missing=18 capsule=2.370 hulls=8
central-cut-7 eight-sector: gate=false legacy=2.513 dense=2.993 false=154 missing=0 capsule=2.370 hulls=8
central-cut-7 occupancy-median: gate=false legacy=2.529 dense=3.002 false=144 missing=2 capsule=2.370 hulls=8
central-cut-7 occupancy-gap: gate=false legacy=2.480 dense=2.940 false=100 missing=0 capsule=2.370 hulls=8
central-cut-7 occupancy-voronoi: gate=false legacy=2.456 dense=2.624 false=52 missing=0 capsule=2.370 hulls=8
conditioned-child-0 four-sector: gate=false legacy=2.452 dense=2.452 false=105 missing=0 capsule=0.883 hulls=4
conditioned-child-0 eight-sector-tight: gate=false legacy=0.835 dense=2.373 false=87 missing=2 capsule=0.738 hulls=8
conditioned-child-0 eight-sector: gate=false legacy=2.452 dense=2.452 false=104 missing=0 capsule=0.883 hulls=8
conditioned-child-0 occupancy-median: gate=true legacy=0.424 dense=2.373 false=80 missing=0 capsule=0.556 hulls=8
conditioned-child-0 occupancy-gap: gate=false legacy=2.452 dense=2.452 false=52 missing=0 capsule=0.389 hulls=8
conditioned-child-0 occupancy-voronoi: gate=false legacy=2.452 dense=2.452 false=42 missing=0 capsule=0.369 hulls=8
conditioned-child-1 four-sector: gate=false legacy=0.796 dense=1.409 false=34 missing=0 capsule=0.998 hulls=4
conditioned-child-1 eight-sector-tight: gate=false legacy=Infinity dense=1.269 false=22 missing=20 capsule=0.861 hulls=8
conditioned-child-1 eight-sector: gate=false legacy=0.796 dense=1.409 false=26 missing=0 capsule=0.861 hulls=8
conditioned-child-1 occupancy-median: gate=false legacy=0.743 dense=1.264 false=24 missing=0 capsule=0.904 hulls=8
conditioned-child-1 occupancy-gap: gate=true legacy=0.420 dense=1.264 false=14 missing=0 capsule=0.305 hulls=8
conditioned-child-1 occupancy-voronoi: gate=true legacy=0.398 dense=1.124 false=10 missing=0 capsule=0.287 hulls=8
[
  {
    "method": "four-sector",
    "legacyPass": false,
    "worstLegacy": 2.8555065506701487,
    "worstDense": 3.618747082551266,
    "denseFalseSolid": 727,
    "denseMissing": 94,
    "playerProfiles": [
      {
        "profile": "phase0-lab",
        "worstGap": 2.368166446685791,
        "falseSolid": 28,
        "missing": 0
      },
      {
        "profile": "shipping-player",
        "worstGap": 2.0188345909118652,
        "falseSolid": 22,
        "missing": 0
      }
    ],
    "floorVisibleHeightRange": [
      -0.06797125726383468,
      -0.00006598758626719103
    ],
    "peakObservedHeapBytes": 102446744,
    "peakObservedRSSBytes": 190824448,
    "maxInputHullBytes": 3072,
    "plannedMs": {
      "n": 12,
      "min": 0.3650000000016007,
      "median": 13.55999999999949,
      "p95": 19.52449999999999,
      "max": 19.52449999999999
    },
    "preparedMs": {
      "n": 12,
      "min": 1.2265000000006694,
      "median": 14.427100000000792,
      "p95": 83.32529999999997,
      "max": 83.32529999999997
    }
  },
  {
    "method": "eight-sector-tight",
    "legacyPass": false,
    "worstLegacy": null,
    "worstDense": 3.1661605834960938,
    "denseFalseSolid": 647,
    "denseMissing": 434,
    "playerProfiles": [
      {
        "profile": "phase0-lab",
        "worstGap": 2.3699193000793457,
        "falseSolid": 22,
        "missing": 0
      },
      {
        "profile": "shipping-player",
        "worstGap": 1.9723937511444092,
        "falseSolid": 16,
        "missing": 0
      }
    ],
    "floorVisibleHeightRange": [
      -0.00013960484472264056,
      -0.000022692044216565677
    ],
    "peakObservedHeapBytes": 84739536,
    "peakObservedRSSBytes": 190824448,
    "maxInputHullBytes": 4992,
    "plannedMs": {
      "n": 12,
      "min": 1.8012999999991735,
      "median": 5.380099999999402,
      "p95": 7.016799999999421,
      "max": 7.016799999999421
    },
    "preparedMs": {
      "n": 12,
      "min": 2.4747999999999593,
      "median": 6.900200000000041,
      "p95": 8.223399999998946,
      "max": 8.223399999998946
    }
  },
  {
    "method": "eight-sector",
    "legacyPass": false,
    "worstLegacy": 2.894790064692976,
    "worstDense": 3.6187473209698453,
    "denseFalseSolid": 742,
    "denseMissing": 12,
    "playerProfiles": [
      {
        "profile": "phase0-lab",
        "worstGap": 2.3699216842651367,
        "falseSolid": 26,
        "missing": 0
      },
      {
        "profile": "shipping-player",
        "worstGap": 2.0140390396118164,
        "falseSolid": 22,
        "missing": 0
      }
    ],
    "floorVisibleHeightRange": [
      -0.016212901054900364,
      -3.590152908294897e-7
    ],
    "peakObservedHeapBytes": 93046840,
    "peakObservedRSSBytes": 204767232,
    "maxInputHullBytes": 6144,
    "plannedMs": {
      "n": 12,
      "min": 1.5694000000003143,
      "median": 9.74239999999918,
      "p95": 27.471199999999953,
      "max": 27.471199999999953
    },
    "preparedMs": {
      "n": 12,
      "min": 2.286000000000058,
      "median": 12.146200000000135,
      "p95": 29.247299999999996,
      "max": 29.247299999999996
    }
  },
  {
    "method": "occupancy-median",
    "legacyPass": false,
    "worstLegacy": 2.854052197337629,
    "worstDense": 3.9457411766052246,
    "denseFalseSolid": 644,
    "denseMissing": 26,
    "playerProfiles": [
      {
        "profile": "phase0-lab",
        "worstGap": 2.370589256286621,
        "falseSolid": 20,
        "missing": 0
      },
      {
        "profile": "shipping-player",
        "worstGap": 1.9611711502075195,
        "falseSolid": 22,
        "missing": 0
      }
    ],
    "floorVisibleHeightRange": [
      -0.10146923669994345,
      0.0000018674564066234467
    ],
    "peakObservedHeapBytes": 99096248,
    "peakObservedRSSBytes": 190828544,
    "maxInputHullBytes": 6144,
    "plannedMs": {
      "n": 12,
      "min": 16.807700000001205,
      "median": 69.34159999999974,
      "p95": 108.90650000000005,
      "max": 108.90650000000005
    },
    "preparedMs": {
      "n": 12,
      "min": 18.187200000000303,
      "median": 71.21910000000025,
      "p95": 111.38419999999996,
      "max": 111.38419999999996
    }
  },
  {
    "method": "occupancy-gap",
    "legacyPass": false,
    "worstLegacy": 2.893750321269514,
    "worstDense": 3.9457411766052246,
    "denseFalseSolid": 496,
    "denseMissing": 24,
    "playerProfiles": [
      {
        "profile": "phase0-lab",
        "worstGap": 2.370046615600586,
        "falseSolid": 20,
        "missing": 0
      },
      {
        "profile": "shipping-player",
        "worstGap": 1.9692296981811523,
        "falseSolid": 8,
        "missing": 0
      }
    ],
    "floorVisibleHeightRange": [
      -0.04194490364716996,
      0.000019706071549663307
    ],
    "peakObservedHeapBytes": 94136352,
    "peakObservedRSSBytes": 190828544,
    "maxInputHullBytes": 6144,
    "plannedMs": {
      "n": 12,
      "min": 14.80739999999787,
      "median": 62.05490000000009,
      "p95": 93.90819999999985,
      "max": 93.90819999999985
    },
    "preparedMs": {
      "n": 12,
      "min": 16.113299999997253,
      "median": 63.848799999999756,
      "p95": 96.39730000000009,
      "max": 96.39730000000009
    }
  },
  {
    "method": "occupancy-voronoi",
    "legacyPass": false,
    "worstLegacy": 2.8969894760851878,
    "worstDense": 2.9272831713058123,
    "denseFalseSolid": 326,
    "denseMissing": 16,
    "playerProfiles": [
      {
        "profile": "phase0-lab",
        "worstGap": 2.370232105255127,
        "falseSolid": 12,
        "missing": 0
      },
      {
        "profile": "shipping-player",
        "worstGap": 1.8894636631011963,
        "falseSolid": 2,
        "missing": 0
      }
    ],
    "floorVisibleHeightRange": [
      -0.0030373894758570774,
      1.1559343304767822e-7
    ],
    "peakObservedHeapBytes": 97289160,
    "peakObservedRSSBytes": 190828544,
    "maxInputHullBytes": 6144,
    "plannedMs": {
      "n": 12,
      "min": 14.787899999999354,
      "median": 79.9442999999992,
      "p95": 135.82250000000022,
      "max": 135.82250000000022
    },
    "preparedMs": {
      "n": 12,
      "min": 16.084599999998318,
      "median": 81.33299999999872,
      "p95": 138.36670000000004,
      "max": 138.36670000000004
    }
  }
]
