Blender 4.5.3 LTS (hash 67807e1800cc built 2025-09-09 01:33:33)
Fra:1 Mem:45.66M (Peak 45.66M) | Time:00:01.19 | Rendering 1 / 64 samples
Fra:1 Mem:45.66M (Peak 45.66M) | Time:00:01.26 | Rendering 25 / 64 samples
Fra:1 Mem:45.66M (Peak 45.66M) | Time:00:01.32 | Rendering 50 / 64 samples
Fra:1 Mem:45.66M (Peak 45.66M) | Time:00:01.36 | Rendering 64 / 64 samples
Saved: 'C:\Users\cwood\Documents\mobile-rpg\art\source\trailgloam-v1\manual-blockout-v1\renders\gate-a-r2\front.png'
Time: 00:01.64 (Saving: 00:00.24)

Fra:1 Mem:45.67M (Peak 45.67M) | Time:00:00.08 | Rendering 1 / 64 samples
Fra:1 Mem:45.67M (Peak 45.67M) | Time:00:00.13 | Rendering 25 / 64 samples
Fra:1 Mem:45.67M (Peak 45.67M) | Time:00:00.18 | Rendering 50 / 64 samples
Fra:1 Mem:45.67M (Peak 45.67M) | Time:00:00.22 | Rendering 64 / 64 samples
Saved: 'C:\Users\cwood\Documents\mobile-rpg\art\source\trailgloam-v1\manual-blockout-v1\renders\gate-a-r2\rear.png'
Time: 00:00.30 (Saving: 00:00.05)

Fra:1 Mem:45.67M (Peak 45.67M) | Time:00:00.07 | Rendering 1 / 64 samples
Fra:1 Mem:45.67M (Peak 45.67M) | Time:00:00.12 | Rendering 25 / 64 samples
Fra:1 Mem:45.67M (Peak 45.67M) | Time:00:00.18 | Rendering 50 / 64 samples
Fra:1 Mem:45.67M (Peak 45.67M) | Time:00:00.21 | Rendering 64 / 64 samples
Saved: 'C:\Users\cwood\Documents\mobile-rpg\art\source\trailgloam-v1\manual-blockout-v1\renders\gate-a-r2\left.png'
Time: 00:00.29 (Saving: 00:00.04)

Fra:1 Mem:45.67M (Peak 45.67M) | Time:00:00.07 | Rendering 1 / 64 samples
Fra:1 Mem:45.67M (Peak 45.67M) | Time:00:00.12 | Rendering 25 / 64 samples
Fra:1 Mem:45.67M (Peak 45.67M) | Time:00:00.17 | Rendering 50 / 64 samples
Fra:1 Mem:45.67M (Peak 45.67M) | Time:00:00.21 | Rendering 64 / 64 samples
Saved: 'C:\Users\cwood\Documents\mobile-rpg\art\source\trailgloam-v1\manual-blockout-v1\renders\gate-a-r2\right.png'
Time: 00:00.28 (Saving: 00:00.04)

Fra:1 Mem:45.67M (Peak 45.67M) | Time:00:00.07 | Rendering 1 / 64 samples
Fra:1 Mem:45.67M (Peak 45.67M) | Time:00:00.13 | Rendering 25 / 64 samples
Fra:1 Mem:45.67M (Peak 45.67M) | Time:00:00.20 | Rendering 50 / 64 samples
Fra:1 Mem:45.67M (Peak 45.67M) | Time:00:00.24 | Rendering 64 / 64 samples
Saved: 'C:\Users\cwood\Documents\mobile-rpg\art\source\trailgloam-v1\manual-blockout-v1\renders\gate-a-r2\top.png'
Time: 00:00.34 (Saving: 00:00.06)

Fra:1 Mem:45.63M (Peak 45.63M) | Time:00:00.07 | Rendering 1 / 64 samples
Fra:1 Mem:45.63M (Peak 45.63M) | Time:00:00.12 | Rendering 25 / 64 samples
Fra:1 Mem:45.63M (Peak 45.63M) | Time:00:00.17 | Rendering 50 / 64 samples
Fra:1 Mem:45.63M (Peak 45.63M) | Time:00:00.19 | Rendering 64 / 64 samples
Saved: 'C:\Users\cwood\Documents\mobile-rpg\art\source\trailgloam-v1\manual-blockout-v1\renders\gate-a-r2\underside.png'
Time: 00:00.28 (Saving: 00:00.05)

Fra:1 Mem:45.68M (Peak 45.68M) | Time:00:00.08 | Rendering 1 / 64 samples
Fra:1 Mem:45.68M (Peak 45.68M) | Time:00:00.14 | Rendering 25 / 64 samples
Fra:1 Mem:45.68M (Peak 45.68M) | Time:00:00.20 | Rendering 50 / 64 samples
Fra:1 Mem:45.68M (Peak 45.68M) | Time:00:00.24 | Rendering 64 / 64 samples
Saved: 'C:\Users\cwood\Documents\mobile-rpg\art\source\trailgloam-v1\manual-blockout-v1\renders\gate-a-r2\three_quarter.png'
Time: 00:00.33 (Saving: 00:00.05)

Fra:1 Mem:39.57M (Peak 39.57M) | Time:00:00.07 | Rendering 1 / 64 samples
Fra:1 Mem:39.57M (Peak 39.57M) | Time:00:00.11 | Rendering 25 / 64 samples
Fra:1 Mem:39.57M (Peak 39.57M) | Time:00:00.16 | Rendering 50 / 64 samples
Fra:1 Mem:39.57M (Peak 39.57M) | Time:00:00.18 | Rendering 64 / 64 samples
Saved: 'C:\Users\cwood\Documents\mobile-rpg\art\source\trailgloam-v1\manual-blockout-v1\renders\gate-a-r2\three_quarter_96.png'
Time: 00:00.21 (Saving: 00:00.00)

Fra:1 Mem:39.46M (Peak 39.46M) | Time:00:00.07 | Rendering 1 / 64 samples
Fra:1 Mem:39.46M (Peak 39.46M) | Time:00:00.11 | Rendering 25 / 64 samples
Fra:1 Mem:39.46M (Peak 39.46M) | Time:00:00.16 | Rendering 50 / 64 samples
Fra:1 Mem:39.46M (Peak 39.46M) | Time:00:00.19 | Rendering 64 / 64 samples
Saved: 'C:\Users\cwood\Documents\mobile-rpg\art\source\trailgloam-v1\manual-blockout-v1\renders\gate-a-r2\three_quarter_48.png'
Time: 00:00.21 (Saving: 00:00.00)

Info: Saved as "trailgloam-gatea-r2-neutral-massing.blend"

Blender quit
