Blender 4.5.3 LTS (hash 67807e1800cc built 2025-09-09 01:33:33)
Fra:1 Mem:45.91M (Peak 45.93M) | Time:00:01.21 | Rendering 1 / 64 samples
Fra:1 Mem:45.91M (Peak 45.93M) | Time:00:01.29 | Rendering 25 / 64 samples
Fra:1 Mem:45.91M (Peak 45.93M) | Time:00:01.36 | Rendering 50 / 64 samples
Fra:1 Mem:45.91M (Peak 45.93M) | Time:00:01.40 | Rendering 64 / 64 samples
Saved: 'C:\Users\cwood\Documents\mobile-rpg\art\source\trailgloam-v1\manual-blockout-v1\renders\probe_top.png'
Time: 00:01.68 (Saving: 00:00.24)

Fra:1 Mem:45.91M (Peak 45.91M) | Time:00:00.07 | Rendering 1 / 64 samples
Fra:1 Mem:45.91M (Peak 45.91M) | Time:00:00.12 | Rendering 25 / 64 samples
Fra:1 Mem:45.91M (Peak 45.91M) | Time:00:00.17 | Rendering 50 / 64 samples
Fra:1 Mem:45.91M (Peak 45.91M) | Time:00:00.20 | Rendering 64 / 64 samples
Saved: 'C:\Users\cwood\Documents\mobile-rpg\art\source\trailgloam-v1\manual-blockout-v1\renders\probe_side.png'
Time: 00:00.29 (Saving: 00:00.05)

Fra:1 Mem:45.83M (Peak 45.83M) | Time:00:00.07 | Rendering 1 / 64 samples
Fra:1 Mem:45.83M (Peak 45.83M) | Time:00:00.12 | Rendering 25 / 64 samples
Fra:1 Mem:45.83M (Peak 45.83M) | Time:00:00.16 | Rendering 50 / 64 samples
Fra:1 Mem:45.83M (Peak 45.83M) | Time:00:00.19 | Rendering 64 / 64 samples
Saved: 'C:\Users\cwood\Documents\mobile-rpg\art\source\trailgloam-v1\manual-blockout-v1\renders\probe_underside.png'
Time: 00:00.28 (Saving: 00:00.05)

Info: Saved as "trailgloam-cuff-junction-probe.blend"

Blender quit
