Blender 4.5.3 LTS (hash 67807e1800cc built 2025-09-09 01:33:33)
Fra:1 Mem:48.91M (Peak 48.91M) | Time:00:01.17 | Rendering 1 / 64 samples
Fra:1 Mem:48.91M (Peak 48.91M) | Time:00:01.23 | Rendering 25 / 64 samples
Fra:1 Mem:48.91M (Peak 48.91M) | Time:00:01.29 | Rendering 50 / 64 samples
Fra:1 Mem:48.91M (Peak 48.91M) | Time:00:01.32 | Rendering 64 / 64 samples
Saved: 'C:\Users\cwood\Documents\mobile-rpg\art\source\trailgloam-v1\manual-blockout-v1\renders\gate-a\front.png'
Time: 00:01.60 (Saving: 00:00.23)

Fra:1 Mem:48.91M (Peak 48.91M) | Time:00:00.08 | Rendering 1 / 64 samples
Fra:1 Mem:48.91M (Peak 48.91M) | Time:00:00.13 | Rendering 25 / 64 samples
Fra:1 Mem:48.91M (Peak 48.91M) | Time:00:00.19 | Rendering 50 / 64 samples
Fra:1 Mem:48.91M (Peak 48.91M) | Time:00:00.22 | Rendering 64 / 64 samples
Saved: 'C:\Users\cwood\Documents\mobile-rpg\art\source\trailgloam-v1\manual-blockout-v1\renders\gate-a\rear.png'
Time: 00:00.31 (Saving: 00:00.05)

Fra:1 Mem:48.91M (Peak 48.91M) | Time:00:00.07 | Rendering 1 / 64 samples
Fra:1 Mem:48.91M (Peak 48.91M) | Time:00:00.12 | Rendering 25 / 64 samples
Fra:1 Mem:48.91M (Peak 48.91M) | Time:00:00.17 | Rendering 50 / 64 samples
Fra:1 Mem:48.91M (Peak 48.91M) | Time:00:00.20 | Rendering 64 / 64 samples
Saved: 'C:\Users\cwood\Documents\mobile-rpg\art\source\trailgloam-v1\manual-blockout-v1\renders\gate-a\left.png'
Time: 00:00.28 (Saving: 00:00.05)

Fra:1 Mem:48.92M (Peak 48.92M) | Time:00:00.07 | Rendering 1 / 64 samples
Fra:1 Mem:48.92M (Peak 48.92M) | Time:00:00.12 | Rendering 25 / 64 samples
Fra:1 Mem:48.92M (Peak 48.92M) | Time:00:00.17 | Rendering 50 / 64 samples
Fra:1 Mem:48.92M (Peak 48.92M) | Time:00:00.20 | Rendering 64 / 64 samples
Saved: 'C:\Users\cwood\Documents\mobile-rpg\art\source\trailgloam-v1\manual-blockout-v1\renders\gate-a\right.png'
Time: 00:00.28 (Saving: 00:00.05)

Fra:1 Mem:48.92M (Peak 48.92M) | Time:00:00.07 | Rendering 1 / 64 samples
Fra:1 Mem:48.92M (Peak 48.92M) | Time:00:00.14 | Rendering 25 / 64 samples
Fra:1 Mem:48.92M (Peak 48.92M) | Time:00:00.21 | Rendering 50 / 64 samples
Fra:1 Mem:48.92M (Peak 48.92M) | Time:00:00.24 | Rendering 64 / 64 samples
Saved: 'C:\Users\cwood\Documents\mobile-rpg\art\source\trailgloam-v1\manual-blockout-v1\renders\gate-a\top.png'
Time: 00:00.33 (Saving: 00:00.05)

Fra:1 Mem:48.84M (Peak 48.84M) | Time:00:00.07 | Rendering 1 / 64 samples
Fra:1 Mem:48.84M (Peak 48.84M) | Time:00:00.12 | Rendering 25 / 64 samples
Fra:1 Mem:48.84M (Peak 48.84M) | Time:00:00.17 | Rendering 50 / 64 samples
Fra:1 Mem:48.84M (Peak 48.84M) | Time:00:00.20 | Rendering 64 / 64 samples
Saved: 'C:\Users\cwood\Documents\mobile-rpg\art\source\trailgloam-v1\manual-blockout-v1\renders\gate-a\underside.png'
Time: 00:00.28 (Saving: 00:00.05)

Fra:1 Mem:48.92M (Peak 48.92M) | Time:00:00.08 | Rendering 1 / 64 samples
Fra:1 Mem:48.92M (Peak 48.92M) | Time:00:00.13 | Rendering 25 / 64 samples
Fra:1 Mem:48.92M (Peak 48.92M) | Time:00:00.19 | Rendering 50 / 64 samples
Fra:1 Mem:48.92M (Peak 48.92M) | Time:00:00.22 | Rendering 64 / 64 samples
Saved: 'C:\Users\cwood\Documents\mobile-rpg\art\source\trailgloam-v1\manual-blockout-v1\renders\gate-a\three_quarter.png'
Time: 00:00.31 (Saving: 00:00.05)

Fra:1 Mem:42.81M (Peak 42.81M) | Time:00:00.07 | Rendering 1 / 64 samples
Fra:1 Mem:42.81M (Peak 42.81M) | Time:00:00.11 | Rendering 25 / 64 samples
Fra:1 Mem:42.81M (Peak 42.81M) | Time:00:00.15 | Rendering 50 / 64 samples
Fra:1 Mem:42.81M (Peak 42.81M) | Time:00:00.17 | Rendering 64 / 64 samples
Saved: 'C:\Users\cwood\Documents\mobile-rpg\art\source\trailgloam-v1\manual-blockout-v1\renders\gate-a\three_quarter_96.png'
Time: 00:00.20 (Saving: 00:00.00)

Fra:1 Mem:42.71M (Peak 42.71M) | Time:00:00.07 | Rendering 1 / 64 samples
Fra:1 Mem:42.71M (Peak 42.71M) | Time:00:00.11 | Rendering 25 / 64 samples
Fra:1 Mem:42.71M (Peak 42.71M) | Time:00:00.15 | Rendering 50 / 64 samples
Fra:1 Mem:42.71M (Peak 42.71M) | Time:00:00.18 | Rendering 64 / 64 samples
Saved: 'C:\Users\cwood\Documents\mobile-rpg\art\source\trailgloam-v1\manual-blockout-v1\renders\gate-a\three_quarter_48.png'
Time: 00:00.20 (Saving: 00:00.00)

Info: Saved as "trailgloam-gatea-neutral-massing.blend"

Blender quit
